2026-08-31 19:23:42.057156: I tensorflow/core/util/port.cc:113] oneDNN custom operations are on. You may see slightly different numerical results due to floating-point round-off errors from different computation orders. To turn them off, set the environment variable `TF_ENABLE_ONEDNN_OPTS=0`.
2026-08-31 19:23:42.099200: E external/local_xla/xla/stream_executor/cuda/cuda_dnn.cc:9261] Unable to register cuDNN factory: Attempting to register factory for plugin cuDNN when one has already been registered
2026-08-31 19:23:42.099254: E external/local_xla/xla/stream_executor/cuda/cuda_fft.cc:607] Unable to register cuFFT factory: Attempting to register factory for plugin cuFFT when one has already been registered
2026-08-31 19:23:42.100620: E external/local_xla/xla/stream_executor/cuda/cuda_blas.cc:1515] Unable to register cuBLAS factory: Attempting to register factory for plugin cuBLAS when one has already been registered
2026-08-31 19:23:42.107876: I tensorflow/core/platform/cpu_feature_guard.cc:182] This TensorFlow binary is optimized to use available CPU instructions in performance-critical operations.
To enable the following instructions: AVX2 AVX512F AVX512_VNNI AVX512_BF16 FMA, in other operations, rebuild TensorFlow with the appropriate compiler flags.
2026-08-31 19:23:43.440678: W tensorflow/compiler/tf2tensorrt/utils/py_utils.cc:38] TF-TRT Warning: Could not find TensorRT
INFO:tensorflow:Mixed precision compatibility check (mixed_float16): OK
Your GPU will likely run quickly with dtype policy mixed_float16 as it has compute capability of at least 7.0. Your GPU: NVIDIA L40S, compute capability 8.9
I0831 19:23:47.569820 133351596857152 device_compatibility_check.py:130] Mixed precision compatibility check (mixed_float16): OK
Your GPU will likely run quickly with dtype policy mixed_float16 as it has compute capability of at least 7.0. Your GPU: NVIDIA L40S, compute capability 8.9
2026-08-31 19:23:47.701121: I tensorflow/core/common_runtime/gpu/gpu_device.cc:1929] Created device /job:localhost/replica:0/task:0/device:GPU:0 with 43516 MB memory:  -> device: 0, name: NVIDIA L40S, pci bus id: 0000:49:00.0, compute capability: 8.9
INFO:tensorflow:Using MirroredStrategy with devices ('/job:localhost/replica:0/task:0/device:GPU:0',)
I0831 19:23:47.702535 133351596857152 mirrored_strategy.py:423] Using MirroredStrategy with devices ('/job:localhost/replica:0/task:0/device:GPU:0',)
2026-08-31 19:23:53.670935: I external/local_xla/xla/service/service.cc:168] XLA service 0x79445812df90 initialized for platform CUDA (this does not guarantee that XLA will be used). Devices:
2026-08-31 19:23:53.670968: I external/local_xla/xla/service/service.cc:176]   StreamExecutor device (0): NVIDIA L40S, Compute Capability 8.9
2026-08-31 19:23:53.696823: I tensorflow/compiler/mlir/tensorflow/utils/dump_mlir_util.cc:269] disabling MLIR crash reproducer, set env var `MLIR_CRASH_REPRODUCER_DIRECTORY` to enable.
2026-08-31 19:23:53.736773: I external/local_xla/xla/stream_executor/cuda/cuda_dnn.cc:454] Loaded cuDNN version 8907
WARNING: All log messages before absl::InitializeLog() is called are written to STDERR
I0000 00:00:1788197033.817517 2719664 device_compiler.h:186] Compiled cluster using XLA!  This line is logged at most once for the lifetime of the process.
2026-08-31 19:24:00.861599: W tensorflow/core/common_runtime/type_inference.cc:339] Type inference failed. This indicates an invalid graph that escaped type checking. Error message: INVALID_ARGUMENT: expected compatible input types, but input 1:
type_id: TFT_OPTIONAL
args {
  type_id: TFT_PRODUCT
  args {
    type_id: TFT_TENSOR
    args {
      type_id: TFT_FLOAT
    }
  }
}
 is neither a subtype nor a supertype of the combined inputs preceding it:
type_id: TFT_OPTIONAL
args {
  type_id: TFT_PRODUCT
  args {
    type_id: TFT_TENSOR
    args {
      type_id: TFT_BOOL
    }
  }
}

	for Tuple type infernce function 0
	while inferring type of node 'cond_9/output/_524'
2026-08-31 19:24:02.469569: W tensorflow/core/grappler/optimizers/loop_optimizer.cc:933] Skipping loop optimization for Merge node with control input: cond_9/branch_executed/_609
2026-08-31 19:24:10.765599: W tensorflow/core/grappler/optimizers/loop_optimizer.cc:933] Skipping loop optimization for Merge node with control input: cond_9/branch_executed/_609
INFO:tensorflow:Reduce to /job:localhost/replica:0/task:0/device:CPU:0 then broadcast to ('/job:localhost/replica:0/task:0/device:CPU:0',).
I0831 19:24:12.707428 133351596857152 cross_device_ops.py:619] Reduce to /job:localhost/replica:0/task:0/device:CPU:0 then broadcast to ('/job:localhost/replica:0/task:0/device:CPU:0',).
INFO:tensorflow:Reduce to /job:localhost/replica:0/task:0/device:CPU:0 then broadcast to ('/job:localhost/replica:0/task:0/device:CPU:0',).
I0831 19:24:12.713268 133351596857152 cross_device_ops.py:619] Reduce to /job:localhost/replica:0/task:0/device:CPU:0 then broadcast to ('/job:localhost/replica:0/task:0/device:CPU:0',).
INFO:tensorflow:Reduce to /job:localhost/replica:0/task:0/device:CPU:0 then broadcast to ('/job:localhost/replica:0/task:0/device:CPU:0',).
I0831 19:24:12.716742 133351596857152 cross_device_ops.py:619] Reduce to /job:localhost/replica:0/task:0/device:CPU:0 then broadcast to ('/job:localhost/replica:0/task:0/device:CPU:0',).
INFO:tensorflow:Reduce to /job:localhost/replica:0/task:0/device:CPU:0 then broadcast to ('/job:localhost/replica:0/task:0/device:CPU:0',).
I0831 19:24:12.717254 133351596857152 cross_device_ops.py:619] Reduce to /job:localhost/replica:0/task:0/device:CPU:0 then broadcast to ('/job:localhost/replica:0/task:0/device:CPU:0',).
INFO:tensorflow:Reduce to /job:localhost/replica:0/task:0/device:CPU:0 then broadcast to ('/job:localhost/replica:0/task:0/device:CPU:0',).
I0831 19:24:12.718092 133351596857152 cross_device_ops.py:619] Reduce to /job:localhost/replica:0/task:0/device:CPU:0 then broadcast to ('/job:localhost/replica:0/task:0/device:CPU:0',).
INFO:tensorflow:Reduce to /job:localhost/replica:0/task:0/device:CPU:0 then broadcast to ('/job:localhost/replica:0/task:0/device:CPU:0',).
I0831 19:24:12.718552 133351596857152 cross_device_ops.py:619] Reduce to /job:localhost/replica:0/task:0/device:CPU:0 then broadcast to ('/job:localhost/replica:0/task:0/device:CPU:0',).
INFO:tensorflow:Reduce to /job:localhost/replica:0/task:0/device:CPU:0 then broadcast to ('/job:localhost/replica:0/task:0/device:CPU:0',).
I0831 19:24:12.719374 133351596857152 cross_device_ops.py:619] Reduce to /job:localhost/replica:0/task:0/device:CPU:0 then broadcast to ('/job:localhost/replica:0/task:0/device:CPU:0',).
INFO:tensorflow:Reduce to /job:localhost/replica:0/task:0/device:CPU:0 then broadcast to ('/job:localhost/replica:0/task:0/device:CPU:0',).
I0831 19:24:12.719827 133351596857152 cross_device_ops.py:619] Reduce to /job:localhost/replica:0/task:0/device:CPU:0 then broadcast to ('/job:localhost/replica:0/task:0/device:CPU:0',).
INFO:tensorflow:Reduce to /job:localhost/replica:0/task:0/device:CPU:0 then broadcast to ('/job:localhost/replica:0/task:0/device:CPU:0',).
I0831 19:24:12.720634 133351596857152 cross_device_ops.py:619] Reduce to /job:localhost/replica:0/task:0/device:CPU:0 then broadcast to ('/job:localhost/replica:0/task:0/device:CPU:0',).
INFO:tensorflow:Reduce to /job:localhost/replica:0/task:0/device:CPU:0 then broadcast to ('/job:localhost/replica:0/task:0/device:CPU:0',).
I0831 19:24:12.721103 133351596857152 cross_device_ops.py:619] Reduce to /job:localhost/replica:0/task:0/device:CPU:0 then broadcast to ('/job:localhost/replica:0/task:0/device:CPU:0',).

********************************************************************************
gpu02
********************************************************************************
Memory growth enabled for device PhysicalDevice(name='/physical_device:GPU:0', device_type='GPU')
- Num GPUs Available:  1 

--- CUDA version:  12.2
--- CUDNN version:  8
--- TensorFlow version:  2.15.0
--- CUDA Library path:  libcudart.so.13
Reproducibility seed: 3000
Mixed precision (float16) enabled!
Per replica batch size: 2
Sequential stimuli updates enabled (memory friendly).
Model batch size: 2
Global batch size: 2
Stimulus batch sizes (per replica): grating=1, gray=1

Training with current input: False
Pseudo derivative gaussian: False
> Looking for cached V1 model in GLIF_network_nll_full/tf_data/V1_network_tmp.pkl
> Sucessfully restored V1 model from GLIF_network_nll_full/tf_data/V1_network_tmp.pkl
Model files loading: 0.06 seconds

Creating the V1 column...
    > max_delay=3 ms (data max=3 ms)
    > # Recurrent synapses: 2044519
    > # LGN input synapses 4700990
    > # BKG input synapses 40000
Model built in 3.73 s

Learning-rate schedule: none (constant lr=0.005)
No checkpoint found in /tmp/reset_ablation_100_detach_ascdetach_3000 or . Starting from scratch...

Model variables stored in dictionary

All neurons are in the core region. Core mask is set to None.
Using custom neuropixels data file for FR loss: Neuropixels_data/OSI_DSI_neuropixels_v4.csv
Using custom neuropixels data file for FR loss: Neuropixels_data/OSI_DSI_neuropixels_v4.csv
Using custom neuropixels data file for OSI/DSI loss: Neuropixels_data/OSI_DSI_neuropixels_v4.csv
Gradient checkpointing: segmented exact BPTT (4 chunks, chunk_size=25).
Loaded cached spontaneous LGN firing rates.
Loaded cached OSI/DSI LGN firing rates dataset.
---------- Training started at  31-08-2026 19:23  ----------

Benchmark mode: 1 warm-up + 99 measured updates.
BENCHMARK_RESULT={"last_loss": 7.614051342010498, "loss_history": [7.636004447937012, 7.679816722869873, 7.662285327911377, 7.63863468170166, 7.594502925872803, 7.589917182922363, 7.571069240570068, 7.569629192352295, 7.557122707366943, 7.551474094390869, 7.544203281402588, 7.567826271057129, 7.577183246612549, 7.571258544921875, 7.5769267082214355, 7.577254295349121, 7.573338031768799, 7.575796604156494, 7.572412014007568, 7.569415092468262, 7.564026355743408, 7.56925106048584, 7.561986923217773, 7.566643238067627, 7.56165885925293, 7.565306663513184, 7.561948299407959, 7.576668739318848, 7.575786113739014, 7.580733299255371, 7.584770202636719, 7.579105377197266, 7.5867085456848145, 7.591828346252441, 7.594011306762695, 7.5868754386901855, 7.5931782722473145, 7.593178749084473, 7.593743801116943, 7.5938029289245605, 7.588476181030273, 7.592336177825928, 7.592581272125244, 7.59543514251709, 7.597935676574707, 7.597986698150635, 7.595544338226318, 7.599672317504883, 7.597551345825195, 7.598946571350098, 7.606210708618164, 7.604310035705566, 7.602959632873535, 7.6081342697143555, 7.620723724365234, 7.6262125968933105, 7.630899906158447, 7.626695156097412, 7.635643482208252, 7.634830951690674, 7.638040542602539, 7.637871742248535, 7.6357903480529785, 7.641498565673828, 7.650996685028076, 7.649747371673584, 7.65229606628418, 7.6572265625, 7.655893325805664, 7.6522216796875, 7.6562628746032715, 7.659078598022461, 7.663688659667969, 7.663673400878906, 7.658853054046631, 7.65122127532959, 7.65087890625, 7.651493072509766, 7.655369758605957, 7.653995990753174, 7.651444435119629, 7.647615432739258, 7.642973899841309, 7.650930404663086, 7.649448871612549, 7.644927501678467, 7.64603853225708, 7.64119291305542, 7.634811878204346, 7.634490489959717, 7.628662586212158, 7.628496170043945, 7.622873306274414, 7.620242595672607, 7.618037700653076, 7.613317012786865, 7.6164870262146, 7.6145243644714355, 7.614051342010498], "mean_step_seconds": 0.3053199402009598, "measured_steps": 99, "median_step_seconds": 0.305830717086792, "nvidia_smi_memory_mib": 1002.0, "online_voltage_loss": true, "tf_current_memory_mib": 318.835205078125, "tf_peak_memory_mib": 400.444580078125, "updates_per_second": 3.2752528358999604, "warmup_steps": 1}

