2026-08-31 20:06:47.967451: I tensorflow/core/util/port.cc:113] oneDNN custom operations are on. You may see slightly different numerical results due to floating-point round-off errors from different computation orders. To turn them off, set the environment variable `TF_ENABLE_ONEDNN_OPTS=0`.
2026-08-31 20:06:48.010313: E external/local_xla/xla/stream_executor/cuda/cuda_dnn.cc:9261] Unable to register cuDNN factory: Attempting to register factory for plugin cuDNN when one has already been registered
2026-08-31 20:06:48.010355: E external/local_xla/xla/stream_executor/cuda/cuda_fft.cc:607] Unable to register cuFFT factory: Attempting to register factory for plugin cuFFT when one has already been registered
2026-08-31 20:06:48.011706: E external/local_xla/xla/stream_executor/cuda/cuda_blas.cc:1515] Unable to register cuBLAS factory: Attempting to register factory for plugin cuBLAS when one has already been registered
2026-08-31 20:06:48.018517: I tensorflow/core/platform/cpu_feature_guard.cc:182] This TensorFlow binary is optimized to use available CPU instructions in performance-critical operations.
To enable the following instructions: AVX2 AVX512F AVX512_VNNI AVX512_BF16 FMA, in other operations, rebuild TensorFlow with the appropriate compiler flags.
2026-08-31 20:06:49.054191: W tensorflow/compiler/tf2tensorrt/utils/py_utils.cc:38] TF-TRT Warning: Could not find TensorRT
INFO:tensorflow:Mixed precision compatibility check (mixed_float16): OK
Your GPU will likely run quickly with dtype policy mixed_float16 as it has compute capability of at least 7.0. Your GPU: NVIDIA L40S, compute capability 8.9
I0831 20:06:52.439150 130931062028096 device_compatibility_check.py:130] Mixed precision compatibility check (mixed_float16): OK
Your GPU will likely run quickly with dtype policy mixed_float16 as it has compute capability of at least 7.0. Your GPU: NVIDIA L40S, compute capability 8.9
2026-08-31 20:06:52.571747: I tensorflow/core/common_runtime/gpu/gpu_device.cc:1929] Created device /job:localhost/replica:0/task:0/device:GPU:0 with 43516 MB memory:  -> device: 0, name: NVIDIA L40S, pci bus id: 0000:49:00.0, compute capability: 8.9
INFO:tensorflow:Using MirroredStrategy with devices ('/job:localhost/replica:0/task:0/device:GPU:0',)
I0831 20:06:52.573199 130931062028096 mirrored_strategy.py:423] Using MirroredStrategy with devices ('/job:localhost/replica:0/task:0/device:GPU:0',)
2026-08-31 20:06:58.512051: I external/local_xla/xla/service/service.cc:168] XLA service 0x7710cc12f800 initialized for platform CUDA (this does not guarantee that XLA will be used). Devices:
2026-08-31 20:06:58.512090: I external/local_xla/xla/service/service.cc:176]   StreamExecutor device (0): NVIDIA L40S, Compute Capability 8.9
2026-08-31 20:06:58.537641: I tensorflow/compiler/mlir/tensorflow/utils/dump_mlir_util.cc:269] disabling MLIR crash reproducer, set env var `MLIR_CRASH_REPRODUCER_DIRECTORY` to enable.
2026-08-31 20:06:58.578186: I external/local_xla/xla/stream_executor/cuda/cuda_dnn.cc:454] Loaded cuDNN version 8907
WARNING: All log messages before absl::InitializeLog() is called are written to STDERR
I0000 00:00:1788199618.658084 2785013 device_compiler.h:186] Compiled cluster using XLA!  This line is logged at most once for the lifetime of the process.
2026-08-31 20:07:05.738797: W tensorflow/core/common_runtime/type_inference.cc:339] Type inference failed. This indicates an invalid graph that escaped type checking. Error message: INVALID_ARGUMENT: expected compatible input types, but input 1:
type_id: TFT_OPTIONAL
args {
  type_id: TFT_PRODUCT
  args {
    type_id: TFT_TENSOR
    args {
      type_id: TFT_FLOAT
    }
  }
}
 is neither a subtype nor a supertype of the combined inputs preceding it:
type_id: TFT_OPTIONAL
args {
  type_id: TFT_PRODUCT
  args {
    type_id: TFT_TENSOR
    args {
      type_id: TFT_BOOL
    }
  }
}

	for Tuple type infernce function 0
	while inferring type of node 'cond_9/output/_524'
2026-08-31 20:07:07.379927: W tensorflow/core/grappler/optimizers/loop_optimizer.cc:933] Skipping loop optimization for Merge node with control input: cond_9/branch_executed/_609
2026-08-31 20:07:15.768818: W tensorflow/core/grappler/optimizers/loop_optimizer.cc:933] Skipping loop optimization for Merge node with control input: cond_9/branch_executed/_609
INFO:tensorflow:Reduce to /job:localhost/replica:0/task:0/device:CPU:0 then broadcast to ('/job:localhost/replica:0/task:0/device:CPU:0',).
I0831 20:07:17.689941 130931062028096 cross_device_ops.py:619] Reduce to /job:localhost/replica:0/task:0/device:CPU:0 then broadcast to ('/job:localhost/replica:0/task:0/device:CPU:0',).
INFO:tensorflow:Reduce to /job:localhost/replica:0/task:0/device:CPU:0 then broadcast to ('/job:localhost/replica:0/task:0/device:CPU:0',).
I0831 20:07:17.695783 130931062028096 cross_device_ops.py:619] Reduce to /job:localhost/replica:0/task:0/device:CPU:0 then broadcast to ('/job:localhost/replica:0/task:0/device:CPU:0',).
INFO:tensorflow:Reduce to /job:localhost/replica:0/task:0/device:CPU:0 then broadcast to ('/job:localhost/replica:0/task:0/device:CPU:0',).
I0831 20:07:17.699394 130931062028096 cross_device_ops.py:619] Reduce to /job:localhost/replica:0/task:0/device:CPU:0 then broadcast to ('/job:localhost/replica:0/task:0/device:CPU:0',).
INFO:tensorflow:Reduce to /job:localhost/replica:0/task:0/device:CPU:0 then broadcast to ('/job:localhost/replica:0/task:0/device:CPU:0',).
I0831 20:07:17.699908 130931062028096 cross_device_ops.py:619] Reduce to /job:localhost/replica:0/task:0/device:CPU:0 then broadcast to ('/job:localhost/replica:0/task:0/device:CPU:0',).
INFO:tensorflow:Reduce to /job:localhost/replica:0/task:0/device:CPU:0 then broadcast to ('/job:localhost/replica:0/task:0/device:CPU:0',).
I0831 20:07:17.700763 130931062028096 cross_device_ops.py:619] Reduce to /job:localhost/replica:0/task:0/device:CPU:0 then broadcast to ('/job:localhost/replica:0/task:0/device:CPU:0',).
INFO:tensorflow:Reduce to /job:localhost/replica:0/task:0/device:CPU:0 then broadcast to ('/job:localhost/replica:0/task:0/device:CPU:0',).
I0831 20:07:17.701229 130931062028096 cross_device_ops.py:619] Reduce to /job:localhost/replica:0/task:0/device:CPU:0 then broadcast to ('/job:localhost/replica:0/task:0/device:CPU:0',).
INFO:tensorflow:Reduce to /job:localhost/replica:0/task:0/device:CPU:0 then broadcast to ('/job:localhost/replica:0/task:0/device:CPU:0',).
I0831 20:07:17.702057 130931062028096 cross_device_ops.py:619] Reduce to /job:localhost/replica:0/task:0/device:CPU:0 then broadcast to ('/job:localhost/replica:0/task:0/device:CPU:0',).
INFO:tensorflow:Reduce to /job:localhost/replica:0/task:0/device:CPU:0 then broadcast to ('/job:localhost/replica:0/task:0/device:CPU:0',).
I0831 20:07:17.702511 130931062028096 cross_device_ops.py:619] Reduce to /job:localhost/replica:0/task:0/device:CPU:0 then broadcast to ('/job:localhost/replica:0/task:0/device:CPU:0',).
INFO:tensorflow:Reduce to /job:localhost/replica:0/task:0/device:CPU:0 then broadcast to ('/job:localhost/replica:0/task:0/device:CPU:0',).
I0831 20:07:17.703308 130931062028096 cross_device_ops.py:619] Reduce to /job:localhost/replica:0/task:0/device:CPU:0 then broadcast to ('/job:localhost/replica:0/task:0/device:CPU:0',).
INFO:tensorflow:Reduce to /job:localhost/replica:0/task:0/device:CPU:0 then broadcast to ('/job:localhost/replica:0/task:0/device:CPU:0',).
I0831 20:07:17.703757 130931062028096 cross_device_ops.py:619] Reduce to /job:localhost/replica:0/task:0/device:CPU:0 then broadcast to ('/job:localhost/replica:0/task:0/device:CPU:0',).

********************************************************************************
gpu02
********************************************************************************
Memory growth enabled for device PhysicalDevice(name='/physical_device:GPU:0', device_type='GPU')
- Num GPUs Available:  1 

--- CUDA version:  12.2
--- CUDNN version:  8
--- TensorFlow version:  2.15.0
--- CUDA Library path:  libcudart.so.13
Reproducibility seed: 3002
Mixed precision (float16) enabled!
Per replica batch size: 2
Sequential stimuli updates enabled (memory friendly).
Model batch size: 2
Global batch size: 2
Stimulus batch sizes (per replica): grating=1, gray=1

Training with current input: False
Pseudo derivative gaussian: False
> Looking for cached V1 model in GLIF_network_nll_full/tf_data/V1_network_tmp.pkl
> Sucessfully restored V1 model from GLIF_network_nll_full/tf_data/V1_network_tmp.pkl
Model files loading: 0.07 seconds

Creating the V1 column...
    > max_delay=3 ms (data max=3 ms)
    > # Recurrent synapses: 2044519
    > # LGN input synapses 4700990
    > # BKG input synapses 40000
Model built in 3.72 s

Learning-rate schedule: none (constant lr=0.005)
No checkpoint found in /tmp/reset_gamma0p15_100_detach_3002 or . Starting from scratch...

Model variables stored in dictionary

All neurons are in the core region. Core mask is set to None.
Using custom neuropixels data file for FR loss: Neuropixels_data/OSI_DSI_neuropixels_v4.csv
Using custom neuropixels data file for FR loss: Neuropixels_data/OSI_DSI_neuropixels_v4.csv
Using custom neuropixels data file for OSI/DSI loss: Neuropixels_data/OSI_DSI_neuropixels_v4.csv
Gradient checkpointing: segmented exact BPTT (4 chunks, chunk_size=25).
Loaded cached spontaneous LGN firing rates.
Loaded cached OSI/DSI LGN firing rates dataset.
---------- Training started at  31-08-2026 20:06  ----------

Benchmark mode: 1 warm-up + 99 measured updates.
BENCHMARK_RESULT={"last_loss": 7.666717052459717, "loss_history": [7.744728088378906, 7.721268177032471, 7.731751918792725, 7.739954948425293, 7.7529826164245605, 7.761343479156494, 7.731267929077148, 7.75822114944458, 7.743780612945557, 7.743854999542236, 7.7304463386535645, 7.732390880584717, 7.7669901847839355, 7.787834644317627, 7.782042503356934, 7.795870780944824, 7.788506507873535, 7.781045913696289, 7.772697448730469, 7.784270286560059, 7.779392719268799, 7.771409511566162, 7.772242069244385, 7.766256809234619, 7.770392894744873, 7.769380569458008, 7.764708518981934, 7.763799667358398, 7.764106273651123, 7.771219253540039, 7.761085510253906, 7.759048938751221, 7.758930683135986, 7.7689690589904785, 7.769297122955322, 7.77163553237915, 7.767561912536621, 7.763178825378418, 7.761228084564209, 7.761764049530029, 7.756361961364746, 7.757358074188232, 7.760498523712158, 7.759956359863281, 7.761578559875488, 7.769298076629639, 7.766878604888916, 7.7679667472839355, 7.7657952308654785, 7.768311977386475, 7.762126445770264, 7.762263298034668, 7.760307788848877, 7.764081001281738, 7.760951042175293, 7.758615970611572, 7.7584452629089355, 7.756875991821289, 7.757763385772705, 7.757782936096191, 7.75587272644043, 7.7525715827941895, 7.74973201751709, 7.7483344078063965, 7.747716903686523, 7.756882190704346, 7.76360559463501, 7.761722087860107, 7.759967803955078, 7.767571926116943, 7.766739845275879, 7.763494491577148, 7.7598185539245605, 7.756704807281494, 7.755068302154541, 7.750863075256348, 7.745790004730225, 7.74102258682251, 7.74157190322876, 7.741815090179443, 7.736993789672852, 7.734628200531006, 7.730459213256836, 7.730684757232666, 7.725469589233398, 7.726997375488281, 7.7232255935668945, 7.715121269226074, 7.712391376495361, 7.7032318115234375, 7.698910713195801, 7.694539546966553, 7.6901044845581055, 7.683026313781738, 7.6773223876953125, 7.679405689239502, 7.680290222167969, 7.6728949546813965, 7.666717052459717], "mean_step_seconds": 0.3009946009125372, "measured_steps": 99, "median_step_seconds": 0.2998058795928955, "nvidia_smi_memory_mib": 1002.0, "online_voltage_loss": true, "tf_current_memory_mib": 319.7744140625, "tf_peak_memory_mib": 396.561279296875, "updates_per_second": 3.3223187292006586, "warmup_steps": 1}

