2026-08-31 18:31:42.248869: I tensorflow/core/util/port.cc:113] oneDNN custom operations are on. You may see slightly different numerical results due to floating-point round-off errors from different computation orders. To turn them off, set the environment variable `TF_ENABLE_ONEDNN_OPTS=0`.
2026-08-31 18:31:42.293499: E external/local_xla/xla/stream_executor/cuda/cuda_dnn.cc:9261] Unable to register cuDNN factory: Attempting to register factory for plugin cuDNN when one has already been registered
2026-08-31 18:31:42.293549: E external/local_xla/xla/stream_executor/cuda/cuda_fft.cc:607] Unable to register cuFFT factory: Attempting to register factory for plugin cuFFT when one has already been registered
2026-08-31 18:31:42.295059: E external/local_xla/xla/stream_executor/cuda/cuda_blas.cc:1515] Unable to register cuBLAS factory: Attempting to register factory for plugin cuBLAS when one has already been registered
2026-08-31 18:31:42.302910: I tensorflow/core/platform/cpu_feature_guard.cc:182] This TensorFlow binary is optimized to use available CPU instructions in performance-critical operations.
To enable the following instructions: AVX2 AVX512F AVX512_VNNI AVX512_BF16 FMA, in other operations, rebuild TensorFlow with the appropriate compiler flags.
2026-08-31 18:31:43.429320: W tensorflow/compiler/tf2tensorrt/utils/py_utils.cc:38] TF-TRT Warning: Could not find TensorRT
INFO:tensorflow:Mixed precision compatibility check (mixed_float16): OK
Your GPU will likely run quickly with dtype policy mixed_float16 as it has compute capability of at least 7.0. Your GPU: NVIDIA L40S, compute capability 8.9
I0831 18:31:46.537777 131839240058688 device_compatibility_check.py:130] Mixed precision compatibility check (mixed_float16): OK
Your GPU will likely run quickly with dtype policy mixed_float16 as it has compute capability of at least 7.0. Your GPU: NVIDIA L40S, compute capability 8.9
2026-08-31 18:31:46.668940: I tensorflow/core/common_runtime/gpu/gpu_device.cc:1929] Created device /job:localhost/replica:0/task:0/device:GPU:0 with 43516 MB memory:  -> device: 0, name: NVIDIA L40S, pci bus id: 0000:49:00.0, compute capability: 8.9
INFO:tensorflow:Using MirroredStrategy with devices ('/job:localhost/replica:0/task:0/device:GPU:0',)
I0831 18:31:46.670284 131839240058688 mirrored_strategy.py:423] Using MirroredStrategy with devices ('/job:localhost/replica:0/task:0/device:GPU:0',)
2026-08-31 18:31:53.134503: I external/local_xla/xla/service/service.cc:168] XLA service 0x77e474126e50 initialized for platform CUDA (this does not guarantee that XLA will be used). Devices:
2026-08-31 18:31:53.134536: I external/local_xla/xla/service/service.cc:176]   StreamExecutor device (0): NVIDIA L40S, Compute Capability 8.9
2026-08-31 18:31:53.160829: I tensorflow/compiler/mlir/tensorflow/utils/dump_mlir_util.cc:269] disabling MLIR crash reproducer, set env var `MLIR_CRASH_REPRODUCER_DIRECTORY` to enable.
2026-08-31 18:31:53.204055: I external/local_xla/xla/stream_executor/cuda/cuda_dnn.cc:454] Loaded cuDNN version 8907
WARNING: All log messages before absl::InitializeLog() is called are written to STDERR
I0000 00:00:1788193913.287682 2650934 device_compiler.h:186] Compiled cluster using XLA!  This line is logged at most once for the lifetime of the process.
2026-08-31 18:32:00.856342: W tensorflow/core/common_runtime/type_inference.cc:339] Type inference failed. This indicates an invalid graph that escaped type checking. Error message: INVALID_ARGUMENT: expected compatible input types, but input 1:
type_id: TFT_OPTIONAL
args {
  type_id: TFT_PRODUCT
  args {
    type_id: TFT_TENSOR
    args {
      type_id: TFT_FLOAT
    }
  }
}
 is neither a subtype nor a supertype of the combined inputs preceding it:
type_id: TFT_OPTIONAL
args {
  type_id: TFT_PRODUCT
  args {
    type_id: TFT_TENSOR
    args {
      type_id: TFT_BOOL
    }
  }
}

	for Tuple type infernce function 0
	while inferring type of node 'cond_9/output/_524'
2026-08-31 18:32:02.826344: W tensorflow/core/grappler/optimizers/loop_optimizer.cc:933] Skipping loop optimization for Merge node with control input: cond_9/branch_executed/_609
2026-08-31 18:32:12.043962: W tensorflow/core/grappler/optimizers/loop_optimizer.cc:933] Skipping loop optimization for Merge node with control input: cond_9/branch_executed/_609
INFO:tensorflow:Reduce to /job:localhost/replica:0/task:0/device:CPU:0 then broadcast to ('/job:localhost/replica:0/task:0/device:CPU:0',).
I0831 18:32:14.429721 131839240058688 cross_device_ops.py:619] Reduce to /job:localhost/replica:0/task:0/device:CPU:0 then broadcast to ('/job:localhost/replica:0/task:0/device:CPU:0',).
INFO:tensorflow:Reduce to /job:localhost/replica:0/task:0/device:CPU:0 then broadcast to ('/job:localhost/replica:0/task:0/device:CPU:0',).
I0831 18:32:14.436134 131839240058688 cross_device_ops.py:619] Reduce to /job:localhost/replica:0/task:0/device:CPU:0 then broadcast to ('/job:localhost/replica:0/task:0/device:CPU:0',).
INFO:tensorflow:Reduce to /job:localhost/replica:0/task:0/device:CPU:0 then broadcast to ('/job:localhost/replica:0/task:0/device:CPU:0',).
I0831 18:32:14.438503 131839240058688 cross_device_ops.py:619] Reduce to /job:localhost/replica:0/task:0/device:CPU:0 then broadcast to ('/job:localhost/replica:0/task:0/device:CPU:0',).
INFO:tensorflow:Reduce to /job:localhost/replica:0/task:0/device:CPU:0 then broadcast to ('/job:localhost/replica:0/task:0/device:CPU:0',).
I0831 18:32:14.439017 131839240058688 cross_device_ops.py:619] Reduce to /job:localhost/replica:0/task:0/device:CPU:0 then broadcast to ('/job:localhost/replica:0/task:0/device:CPU:0',).
INFO:tensorflow:Reduce to /job:localhost/replica:0/task:0/device:CPU:0 then broadcast to ('/job:localhost/replica:0/task:0/device:CPU:0',).
I0831 18:32:14.439854 131839240058688 cross_device_ops.py:619] Reduce to /job:localhost/replica:0/task:0/device:CPU:0 then broadcast to ('/job:localhost/replica:0/task:0/device:CPU:0',).
INFO:tensorflow:Reduce to /job:localhost/replica:0/task:0/device:CPU:0 then broadcast to ('/job:localhost/replica:0/task:0/device:CPU:0',).
I0831 18:32:14.440333 131839240058688 cross_device_ops.py:619] Reduce to /job:localhost/replica:0/task:0/device:CPU:0 then broadcast to ('/job:localhost/replica:0/task:0/device:CPU:0',).
INFO:tensorflow:Reduce to /job:localhost/replica:0/task:0/device:CPU:0 then broadcast to ('/job:localhost/replica:0/task:0/device:CPU:0',).
I0831 18:32:14.441157 131839240058688 cross_device_ops.py:619] Reduce to /job:localhost/replica:0/task:0/device:CPU:0 then broadcast to ('/job:localhost/replica:0/task:0/device:CPU:0',).
INFO:tensorflow:Reduce to /job:localhost/replica:0/task:0/device:CPU:0 then broadcast to ('/job:localhost/replica:0/task:0/device:CPU:0',).
I0831 18:32:14.441623 131839240058688 cross_device_ops.py:619] Reduce to /job:localhost/replica:0/task:0/device:CPU:0 then broadcast to ('/job:localhost/replica:0/task:0/device:CPU:0',).
INFO:tensorflow:Reduce to /job:localhost/replica:0/task:0/device:CPU:0 then broadcast to ('/job:localhost/replica:0/task:0/device:CPU:0',).
I0831 18:32:14.442441 131839240058688 cross_device_ops.py:619] Reduce to /job:localhost/replica:0/task:0/device:CPU:0 then broadcast to ('/job:localhost/replica:0/task:0/device:CPU:0',).
INFO:tensorflow:Reduce to /job:localhost/replica:0/task:0/device:CPU:0 then broadcast to ('/job:localhost/replica:0/task:0/device:CPU:0',).
I0831 18:32:14.442869 131839240058688 cross_device_ops.py:619] Reduce to /job:localhost/replica:0/task:0/device:CPU:0 then broadcast to ('/job:localhost/replica:0/task:0/device:CPU:0',).

********************************************************************************
gpu02
********************************************************************************
Memory growth enabled for device PhysicalDevice(name='/physical_device:GPU:0', device_type='GPU')
- Num GPUs Available:  1 

--- CUDA version:  12.2
--- CUDNN version:  8
--- TensorFlow version:  2.15.0
--- CUDA Library path:  libcudart.so.13
Reproducibility seed: 3002
Mixed precision (float16) enabled!
Per replica batch size: 2
Sequential stimuli updates enabled (memory friendly).
Model batch size: 2
Global batch size: 2
Stimulus batch sizes (per replica): grating=1, gray=1

Training with current input: False
Pseudo derivative gaussian: False
> Looking for cached V1 model in GLIF_network_nll_full/tf_data/V1_network_tmp.pkl
> Sucessfully restored V1 model from GLIF_network_nll_full/tf_data/V1_network_tmp.pkl
Model files loading: 0.07 seconds

Creating the V1 column...
    > max_delay=3 ms (data max=3 ms)
    > # Recurrent synapses: 2044519
    > # LGN input synapses 4700990
    > # BKG input synapses 40000
Model built in 4.06 s

Learning-rate schedule: none (constant lr=0.005)
No checkpoint found in /tmp/reset_ablation_100_detach_3002 or . Starting from scratch...

Model variables stored in dictionary

All neurons are in the core region. Core mask is set to None.
Using custom neuropixels data file for FR loss: Neuropixels_data/OSI_DSI_neuropixels_v4.csv
Using custom neuropixels data file for FR loss: Neuropixels_data/OSI_DSI_neuropixels_v4.csv
Using custom neuropixels data file for OSI/DSI loss: Neuropixels_data/OSI_DSI_neuropixels_v4.csv
Gradient checkpointing: segmented exact BPTT (4 chunks, chunk_size=25).
Loaded cached spontaneous LGN firing rates.
Loaded cached OSI/DSI LGN firing rates dataset.
---------- Training started at  31-08-2026 18:31  ----------

Benchmark mode: 1 warm-up + 99 measured updates.
BENCHMARK_RESULT={"last_loss": 7.733966827392578, "loss_history": [7.743241310119629, 7.729164123535156, 7.740353584289551, 7.745398044586182, 7.758537769317627, 7.764991760253906, 7.741700172424316, 7.765175819396973, 7.7480597496032715, 7.749897480010986, 7.742130279541016, 7.7418694496154785, 7.773357391357422, 7.788355827331543, 7.782764434814453, 7.797267436981201, 7.792364120483398, 7.786391258239746, 7.777820587158203, 7.788954734802246, 7.784359455108643, 7.776771068572998, 7.776155471801758, 7.770247936248779, 7.777430057525635, 7.777434349060059, 7.777456760406494, 7.779609203338623, 7.779286861419678, 7.783740043640137, 7.77482795715332, 7.771824836730957, 7.773475170135498, 7.784904479980469, 7.7859954833984375, 7.7887187004089355, 7.783510684967041, 7.779868125915527, 7.777984619140625, 7.779369831085205, 7.772861957550049, 7.774572849273682, 7.780398845672607, 7.782193183898926, 7.782651901245117, 7.7864179611206055, 7.783372402191162, 7.7873005867004395, 7.784877300262451, 7.78804349899292, 7.783480167388916, 7.784927845001221, 7.783010482788086, 7.790948867797852, 7.788802623748779, 7.78859281539917, 7.78959321975708, 7.787935733795166, 7.7891459465026855, 7.79048490524292, 7.789931297302246, 7.78679895401001, 7.786975860595703, 7.786381244659424, 7.786390781402588, 7.793562889099121, 7.799818992614746, 7.799856185913086, 7.798335552215576, 7.812713146209717, 7.811700820922852, 7.80787467956543, 7.805363655090332, 7.801874160766602, 7.799544334411621, 7.794407367706299, 7.790655612945557, 7.787790775299072, 7.7909345626831055, 7.792641639709473, 7.789429664611816, 7.789104461669922, 7.785823345184326, 7.785085678100586, 7.78146505355835, 7.784280776977539, 7.780351161956787, 7.772789478302002, 7.769609451293945, 7.76072359085083, 7.7566728591918945, 7.755376815795898, 7.751341342926025, 7.744998931884766, 7.739902973175049, 7.743067264556885, 7.746018886566162, 7.7391815185546875, 7.733966827392578], "mean_step_seconds": 0.22327305331374658, "measured_steps": 99, "median_step_seconds": 0.22149229049682617, "nvidia_smi_memory_mib": 1002.0, "online_voltage_loss": true, "tf_current_memory_mib": 313.423095703125, "tf_peak_memory_mib": 392.71533203125, "updates_per_second": 4.478820821224607, "warmup_steps": 1}

