2026-08-31 19:47:47.080720: I tensorflow/core/util/port.cc:113] oneDNN custom operations are on. You may see slightly different numerical results due to floating-point round-off errors from different computation orders. To turn them off, set the environment variable `TF_ENABLE_ONEDNN_OPTS=0`.
2026-08-31 19:47:47.122835: E external/local_xla/xla/stream_executor/cuda/cuda_dnn.cc:9261] Unable to register cuDNN factory: Attempting to register factory for plugin cuDNN when one has already been registered
2026-08-31 19:47:47.122877: E external/local_xla/xla/stream_executor/cuda/cuda_fft.cc:607] Unable to register cuFFT factory: Attempting to register factory for plugin cuFFT when one has already been registered
2026-08-31 19:47:47.124232: E external/local_xla/xla/stream_executor/cuda/cuda_blas.cc:1515] Unable to register cuBLAS factory: Attempting to register factory for plugin cuBLAS when one has already been registered
2026-08-31 19:47:47.131113: I tensorflow/core/platform/cpu_feature_guard.cc:182] This TensorFlow binary is optimized to use available CPU instructions in performance-critical operations.
To enable the following instructions: AVX2 AVX512F AVX512_VNNI AVX512_BF16 FMA, in other operations, rebuild TensorFlow with the appropriate compiler flags.
2026-08-31 19:47:48.501351: W tensorflow/compiler/tf2tensorrt/utils/py_utils.cc:38] TF-TRT Warning: Could not find TensorRT
INFO:tensorflow:Mixed precision compatibility check (mixed_float16): OK
Your GPU will likely run quickly with dtype policy mixed_float16 as it has compute capability of at least 7.0. Your GPU: NVIDIA L40S, compute capability 8.9
I0831 19:47:52.673964 130137288460096 device_compatibility_check.py:130] Mixed precision compatibility check (mixed_float16): OK
Your GPU will likely run quickly with dtype policy mixed_float16 as it has compute capability of at least 7.0. Your GPU: NVIDIA L40S, compute capability 8.9
2026-08-31 19:47:52.806941: I tensorflow/core/common_runtime/gpu/gpu_device.cc:1929] Created device /job:localhost/replica:0/task:0/device:GPU:0 with 43516 MB memory:  -> device: 0, name: NVIDIA L40S, pci bus id: 0000:49:00.0, compute capability: 8.9
INFO:tensorflow:Using MirroredStrategy with devices ('/job:localhost/replica:0/task:0/device:GPU:0',)
I0831 19:47:52.808321 130137288460096 mirrored_strategy.py:423] Using MirroredStrategy with devices ('/job:localhost/replica:0/task:0/device:GPU:0',)
2026-08-31 19:47:58.760159: I external/local_xla/xla/service/service.cc:168] XLA service 0x76583812c950 initialized for platform CUDA (this does not guarantee that XLA will be used). Devices:
2026-08-31 19:47:58.760188: I external/local_xla/xla/service/service.cc:176]   StreamExecutor device (0): NVIDIA L40S, Compute Capability 8.9
2026-08-31 19:47:58.786714: I tensorflow/compiler/mlir/tensorflow/utils/dump_mlir_util.cc:269] disabling MLIR crash reproducer, set env var `MLIR_CRASH_REPRODUCER_DIRECTORY` to enable.
2026-08-31 19:47:58.827690: I external/local_xla/xla/stream_executor/cuda/cuda_dnn.cc:454] Loaded cuDNN version 8907
WARNING: All log messages before absl::InitializeLog() is called are written to STDERR
I0000 00:00:1788198478.908384 2753272 device_compiler.h:186] Compiled cluster using XLA!  This line is logged at most once for the lifetime of the process.
2026-08-31 19:48:06.098437: W tensorflow/core/common_runtime/type_inference.cc:339] Type inference failed. This indicates an invalid graph that escaped type checking. Error message: INVALID_ARGUMENT: expected compatible input types, but input 1:
type_id: TFT_OPTIONAL
args {
  type_id: TFT_PRODUCT
  args {
    type_id: TFT_TENSOR
    args {
      type_id: TFT_FLOAT
    }
  }
}
 is neither a subtype nor a supertype of the combined inputs preceding it:
type_id: TFT_OPTIONAL
args {
  type_id: TFT_PRODUCT
  args {
    type_id: TFT_TENSOR
    args {
      type_id: TFT_BOOL
    }
  }
}

	for Tuple type infernce function 0
	while inferring type of node 'cond_9/output/_524'
2026-08-31 19:48:07.755294: W tensorflow/core/grappler/optimizers/loop_optimizer.cc:933] Skipping loop optimization for Merge node with control input: cond_9/branch_executed/_609
2026-08-31 19:48:16.084849: W tensorflow/core/grappler/optimizers/loop_optimizer.cc:933] Skipping loop optimization for Merge node with control input: cond_9/branch_executed/_609
INFO:tensorflow:Reduce to /job:localhost/replica:0/task:0/device:CPU:0 then broadcast to ('/job:localhost/replica:0/task:0/device:CPU:0',).
I0831 19:48:18.056226 130137288460096 cross_device_ops.py:619] Reduce to /job:localhost/replica:0/task:0/device:CPU:0 then broadcast to ('/job:localhost/replica:0/task:0/device:CPU:0',).
INFO:tensorflow:Reduce to /job:localhost/replica:0/task:0/device:CPU:0 then broadcast to ('/job:localhost/replica:0/task:0/device:CPU:0',).
I0831 19:48:18.062131 130137288460096 cross_device_ops.py:619] Reduce to /job:localhost/replica:0/task:0/device:CPU:0 then broadcast to ('/job:localhost/replica:0/task:0/device:CPU:0',).
INFO:tensorflow:Reduce to /job:localhost/replica:0/task:0/device:CPU:0 then broadcast to ('/job:localhost/replica:0/task:0/device:CPU:0',).
I0831 19:48:18.065323 130137288460096 cross_device_ops.py:619] Reduce to /job:localhost/replica:0/task:0/device:CPU:0 then broadcast to ('/job:localhost/replica:0/task:0/device:CPU:0',).
INFO:tensorflow:Reduce to /job:localhost/replica:0/task:0/device:CPU:0 then broadcast to ('/job:localhost/replica:0/task:0/device:CPU:0',).
I0831 19:48:18.065819 130137288460096 cross_device_ops.py:619] Reduce to /job:localhost/replica:0/task:0/device:CPU:0 then broadcast to ('/job:localhost/replica:0/task:0/device:CPU:0',).
INFO:tensorflow:Reduce to /job:localhost/replica:0/task:0/device:CPU:0 then broadcast to ('/job:localhost/replica:0/task:0/device:CPU:0',).
I0831 19:48:18.066652 130137288460096 cross_device_ops.py:619] Reduce to /job:localhost/replica:0/task:0/device:CPU:0 then broadcast to ('/job:localhost/replica:0/task:0/device:CPU:0',).
INFO:tensorflow:Reduce to /job:localhost/replica:0/task:0/device:CPU:0 then broadcast to ('/job:localhost/replica:0/task:0/device:CPU:0',).
I0831 19:48:18.067147 130137288460096 cross_device_ops.py:619] Reduce to /job:localhost/replica:0/task:0/device:CPU:0 then broadcast to ('/job:localhost/replica:0/task:0/device:CPU:0',).
INFO:tensorflow:Reduce to /job:localhost/replica:0/task:0/device:CPU:0 then broadcast to ('/job:localhost/replica:0/task:0/device:CPU:0',).
I0831 19:48:18.067958 130137288460096 cross_device_ops.py:619] Reduce to /job:localhost/replica:0/task:0/device:CPU:0 then broadcast to ('/job:localhost/replica:0/task:0/device:CPU:0',).
INFO:tensorflow:Reduce to /job:localhost/replica:0/task:0/device:CPU:0 then broadcast to ('/job:localhost/replica:0/task:0/device:CPU:0',).
I0831 19:48:18.068420 130137288460096 cross_device_ops.py:619] Reduce to /job:localhost/replica:0/task:0/device:CPU:0 then broadcast to ('/job:localhost/replica:0/task:0/device:CPU:0',).
INFO:tensorflow:Reduce to /job:localhost/replica:0/task:0/device:CPU:0 then broadcast to ('/job:localhost/replica:0/task:0/device:CPU:0',).
I0831 19:48:18.069224 130137288460096 cross_device_ops.py:619] Reduce to /job:localhost/replica:0/task:0/device:CPU:0 then broadcast to ('/job:localhost/replica:0/task:0/device:CPU:0',).
INFO:tensorflow:Reduce to /job:localhost/replica:0/task:0/device:CPU:0 then broadcast to ('/job:localhost/replica:0/task:0/device:CPU:0',).
I0831 19:48:18.069658 130137288460096 cross_device_ops.py:619] Reduce to /job:localhost/replica:0/task:0/device:CPU:0 then broadcast to ('/job:localhost/replica:0/task:0/device:CPU:0',).

********************************************************************************
gpu02
********************************************************************************
Memory growth enabled for device PhysicalDevice(name='/physical_device:GPU:0', device_type='GPU')
- Num GPUs Available:  1 

--- CUDA version:  12.2
--- CUDNN version:  8
--- TensorFlow version:  2.15.0
--- CUDA Library path:  libcudart.so.13
Reproducibility seed: 3000
Mixed precision (float16) enabled!
Per replica batch size: 2
Sequential stimuli updates enabled (memory friendly).
Model batch size: 2
Global batch size: 2
Stimulus batch sizes (per replica): grating=1, gray=1

Training with current input: False
Pseudo derivative gaussian: False
> Looking for cached V1 model in GLIF_network_nll_full/tf_data/V1_network_tmp.pkl
> Sucessfully restored V1 model from GLIF_network_nll_full/tf_data/V1_network_tmp.pkl
Model files loading: 0.06 seconds

Creating the V1 column...
    > max_delay=3 ms (data max=3 ms)
    > # Recurrent synapses: 2044519
    > # LGN input synapses 4700990
    > # BKG input synapses 40000
Model built in 3.70 s

Learning-rate schedule: none (constant lr=0.005)
No checkpoint found in /tmp/reset_gamma1_100_detach_3000 or . Starting from scratch...

Model variables stored in dictionary

All neurons are in the core region. Core mask is set to None.
Using custom neuropixels data file for FR loss: Neuropixels_data/OSI_DSI_neuropixels_v4.csv
Using custom neuropixels data file for FR loss: Neuropixels_data/OSI_DSI_neuropixels_v4.csv
Using custom neuropixels data file for OSI/DSI loss: Neuropixels_data/OSI_DSI_neuropixels_v4.csv
Gradient checkpointing: segmented exact BPTT (4 chunks, chunk_size=25).
Loaded cached spontaneous LGN firing rates.
Loaded cached OSI/DSI LGN firing rates dataset.
---------- Training started at  31-08-2026 19:47  ----------

Benchmark mode: 1 warm-up + 99 measured updates.
BENCHMARK_RESULT={"last_loss": 7.544112682342529, "loss_history": [7.6096696853637695, 7.6703314781188965, 7.6546525955200195, 7.637076377868652, 7.5998969078063965, 7.594691276550293, 7.581007957458496, 7.578845500946045, 7.56820821762085, 7.566162109375, 7.565244197845459, 7.581253528594971, 7.581588268280029, 7.576349258422852, 7.580246925354004, 7.5774312019348145, 7.571961402893066, 7.568437099456787, 7.567999839782715, 7.565006256103516, 7.563823223114014, 7.567525386810303, 7.565845489501953, 7.573183536529541, 7.570978164672852, 7.569118976593018, 7.562821388244629, 7.568844318389893, 7.570284366607666, 7.569447040557861, 7.570675373077393, 7.566592693328857, 7.569216728210449, 7.570316791534424, 7.567832946777344, 7.561601638793945, 7.5608134269714355, 7.559604644775391, 7.555150508880615, 7.552574157714844, 7.548234462738037, 7.549745082855225, 7.55226469039917, 7.548884391784668, 7.546892166137695, 7.544442653656006, 7.5384907722473145, 7.538623332977295, 7.539351940155029, 7.535494804382324, 7.535877704620361, 7.534503936767578, 7.53159761428833, 7.5298285484313965, 7.5321149826049805, 7.536190032958984, 7.537282943725586, 7.5327253341674805, 7.532546520233154, 7.530468463897705, 7.53229284286499, 7.529790878295898, 7.528282165527344, 7.531335353851318, 7.5320048332214355, 7.528811454772949, 7.529379844665527, 7.530801296234131, 7.531430721282959, 7.532843589782715, 7.531932353973389, 7.536233901977539, 7.538609504699707, 7.54005765914917, 7.538758277893066, 7.5366315841674805, 7.53779935836792, 7.538180351257324, 7.540730953216553, 7.54292106628418, 7.54240608215332, 7.54204797744751, 7.5416131019592285, 7.542778491973877, 7.5441575050354, 7.544209003448486, 7.544769287109375, 7.546835899353027, 7.546139717102051, 7.545215606689453, 7.542535305023193, 7.542895317077637, 7.543614387512207, 7.541914463043213, 7.541050434112549, 7.540009021759033, 7.540789604187012, 7.542777061462402, 7.544112682342529], "mean_step_seconds": 0.273840090241095, "measured_steps": 99, "median_step_seconds": 0.2731196880340576, "nvidia_smi_memory_mib": 1000.0, "online_voltage_loss": true, "tf_current_memory_mib": 319.560791015625, "tf_peak_memory_mib": 396.167724609375, "updates_per_second": 3.6517662520472345, "warmup_steps": 1}

