2026-08-31 19:53:08.672071: I tensorflow/core/util/port.cc:113] oneDNN custom operations are on. You may see slightly different numerical results due to floating-point round-off errors from different computation orders. To turn them off, set the environment variable `TF_ENABLE_ONEDNN_OPTS=0`.
2026-08-31 19:53:08.714052: E external/local_xla/xla/stream_executor/cuda/cuda_dnn.cc:9261] Unable to register cuDNN factory: Attempting to register factory for plugin cuDNN when one has already been registered
2026-08-31 19:53:08.714096: E external/local_xla/xla/stream_executor/cuda/cuda_fft.cc:607] Unable to register cuFFT factory: Attempting to register factory for plugin cuFFT when one has already been registered
2026-08-31 19:53:08.715448: E external/local_xla/xla/stream_executor/cuda/cuda_blas.cc:1515] Unable to register cuBLAS factory: Attempting to register factory for plugin cuBLAS when one has already been registered
2026-08-31 19:53:08.722287: I tensorflow/core/platform/cpu_feature_guard.cc:182] This TensorFlow binary is optimized to use available CPU instructions in performance-critical operations.
To enable the following instructions: AVX2 AVX512F AVX512_VNNI AVX512_BF16 FMA, in other operations, rebuild TensorFlow with the appropriate compiler flags.
2026-08-31 19:53:09.776691: W tensorflow/compiler/tf2tensorrt/utils/py_utils.cc:38] TF-TRT Warning: Could not find TensorRT
INFO:tensorflow:Mixed precision compatibility check (mixed_float16): OK
Your GPU will likely run quickly with dtype policy mixed_float16 as it has compute capability of at least 7.0. Your GPU: NVIDIA L40S, compute capability 8.9
I0831 19:53:13.193129 123762484860736 device_compatibility_check.py:130] Mixed precision compatibility check (mixed_float16): OK
Your GPU will likely run quickly with dtype policy mixed_float16 as it has compute capability of at least 7.0. Your GPU: NVIDIA L40S, compute capability 8.9
2026-08-31 19:53:13.326834: I tensorflow/core/common_runtime/gpu/gpu_device.cc:1929] Created device /job:localhost/replica:0/task:0/device:GPU:0 with 43516 MB memory:  -> device: 0, name: NVIDIA L40S, pci bus id: 0000:49:00.0, compute capability: 8.9
INFO:tensorflow:Using MirroredStrategy with devices ('/job:localhost/replica:0/task:0/device:GPU:0',)
I0831 19:53:13.328251 123762484860736 mirrored_strategy.py:423] Using MirroredStrategy with devices ('/job:localhost/replica:0/task:0/device:GPU:0',)
2026-08-31 19:53:19.617831: I external/local_xla/xla/service/service.cc:168] XLA service 0x708c0412dfa0 initialized for platform CUDA (this does not guarantee that XLA will be used). Devices:
2026-08-31 19:53:19.617877: I external/local_xla/xla/service/service.cc:176]   StreamExecutor device (0): NVIDIA L40S, Compute Capability 8.9
2026-08-31 19:53:19.644592: I tensorflow/compiler/mlir/tensorflow/utils/dump_mlir_util.cc:269] disabling MLIR crash reproducer, set env var `MLIR_CRASH_REPRODUCER_DIRECTORY` to enable.
2026-08-31 19:53:19.695447: I external/local_xla/xla/stream_executor/cuda/cuda_dnn.cc:454] Loaded cuDNN version 8907
WARNING: All log messages before absl::InitializeLog() is called are written to STDERR
I0000 00:00:1788198799.780381 2762539 device_compiler.h:186] Compiled cluster using XLA!  This line is logged at most once for the lifetime of the process.
2026-08-31 19:53:27.110584: W tensorflow/core/common_runtime/type_inference.cc:339] Type inference failed. This indicates an invalid graph that escaped type checking. Error message: INVALID_ARGUMENT: expected compatible input types, but input 1:
type_id: TFT_OPTIONAL
args {
  type_id: TFT_PRODUCT
  args {
    type_id: TFT_TENSOR
    args {
      type_id: TFT_FLOAT
    }
  }
}
 is neither a subtype nor a supertype of the combined inputs preceding it:
type_id: TFT_OPTIONAL
args {
  type_id: TFT_PRODUCT
  args {
    type_id: TFT_TENSOR
    args {
      type_id: TFT_BOOL
    }
  }
}

	for Tuple type infernce function 0
	while inferring type of node 'cond_9/output/_524'
2026-08-31 19:53:28.773113: W tensorflow/core/grappler/optimizers/loop_optimizer.cc:933] Skipping loop optimization for Merge node with control input: cond_9/branch_executed/_609
2026-08-31 19:53:37.308975: W tensorflow/core/grappler/optimizers/loop_optimizer.cc:933] Skipping loop optimization for Merge node with control input: cond_9/branch_executed/_609
INFO:tensorflow:Reduce to /job:localhost/replica:0/task:0/device:CPU:0 then broadcast to ('/job:localhost/replica:0/task:0/device:CPU:0',).
I0831 19:53:39.327812 123762484860736 cross_device_ops.py:619] Reduce to /job:localhost/replica:0/task:0/device:CPU:0 then broadcast to ('/job:localhost/replica:0/task:0/device:CPU:0',).
INFO:tensorflow:Reduce to /job:localhost/replica:0/task:0/device:CPU:0 then broadcast to ('/job:localhost/replica:0/task:0/device:CPU:0',).
I0831 19:53:39.336757 123762484860736 cross_device_ops.py:619] Reduce to /job:localhost/replica:0/task:0/device:CPU:0 then broadcast to ('/job:localhost/replica:0/task:0/device:CPU:0',).
INFO:tensorflow:Reduce to /job:localhost/replica:0/task:0/device:CPU:0 then broadcast to ('/job:localhost/replica:0/task:0/device:CPU:0',).
I0831 19:53:39.339552 123762484860736 cross_device_ops.py:619] Reduce to /job:localhost/replica:0/task:0/device:CPU:0 then broadcast to ('/job:localhost/replica:0/task:0/device:CPU:0',).
INFO:tensorflow:Reduce to /job:localhost/replica:0/task:0/device:CPU:0 then broadcast to ('/job:localhost/replica:0/task:0/device:CPU:0',).
I0831 19:53:39.340051 123762484860736 cross_device_ops.py:619] Reduce to /job:localhost/replica:0/task:0/device:CPU:0 then broadcast to ('/job:localhost/replica:0/task:0/device:CPU:0',).
INFO:tensorflow:Reduce to /job:localhost/replica:0/task:0/device:CPU:0 then broadcast to ('/job:localhost/replica:0/task:0/device:CPU:0',).
I0831 19:53:39.340888 123762484860736 cross_device_ops.py:619] Reduce to /job:localhost/replica:0/task:0/device:CPU:0 then broadcast to ('/job:localhost/replica:0/task:0/device:CPU:0',).
INFO:tensorflow:Reduce to /job:localhost/replica:0/task:0/device:CPU:0 then broadcast to ('/job:localhost/replica:0/task:0/device:CPU:0',).
I0831 19:53:39.341355 123762484860736 cross_device_ops.py:619] Reduce to /job:localhost/replica:0/task:0/device:CPU:0 then broadcast to ('/job:localhost/replica:0/task:0/device:CPU:0',).
INFO:tensorflow:Reduce to /job:localhost/replica:0/task:0/device:CPU:0 then broadcast to ('/job:localhost/replica:0/task:0/device:CPU:0',).
I0831 19:53:39.342156 123762484860736 cross_device_ops.py:619] Reduce to /job:localhost/replica:0/task:0/device:CPU:0 then broadcast to ('/job:localhost/replica:0/task:0/device:CPU:0',).
INFO:tensorflow:Reduce to /job:localhost/replica:0/task:0/device:CPU:0 then broadcast to ('/job:localhost/replica:0/task:0/device:CPU:0',).
I0831 19:53:39.342605 123762484860736 cross_device_ops.py:619] Reduce to /job:localhost/replica:0/task:0/device:CPU:0 then broadcast to ('/job:localhost/replica:0/task:0/device:CPU:0',).
INFO:tensorflow:Reduce to /job:localhost/replica:0/task:0/device:CPU:0 then broadcast to ('/job:localhost/replica:0/task:0/device:CPU:0',).
I0831 19:53:39.343394 123762484860736 cross_device_ops.py:619] Reduce to /job:localhost/replica:0/task:0/device:CPU:0 then broadcast to ('/job:localhost/replica:0/task:0/device:CPU:0',).
INFO:tensorflow:Reduce to /job:localhost/replica:0/task:0/device:CPU:0 then broadcast to ('/job:localhost/replica:0/task:0/device:CPU:0',).
I0831 19:53:39.343814 123762484860736 cross_device_ops.py:619] Reduce to /job:localhost/replica:0/task:0/device:CPU:0 then broadcast to ('/job:localhost/replica:0/task:0/device:CPU:0',).

********************************************************************************
gpu02
********************************************************************************
Memory growth enabled for device PhysicalDevice(name='/physical_device:GPU:0', device_type='GPU')
- Num GPUs Available:  1 

--- CUDA version:  12.2
--- CUDNN version:  8
--- TensorFlow version:  2.15.0
--- CUDA Library path:  libcudart.so.13
Reproducibility seed: 3002
Mixed precision (float16) enabled!
Per replica batch size: 2
Sequential stimuli updates enabled (memory friendly).
Model batch size: 2
Global batch size: 2
Stimulus batch sizes (per replica): grating=1, gray=1

Training with current input: False
Pseudo derivative gaussian: False
> Looking for cached V1 model in GLIF_network_nll_full/tf_data/V1_network_tmp.pkl
> Sucessfully restored V1 model from GLIF_network_nll_full/tf_data/V1_network_tmp.pkl
Model files loading: 0.07 seconds

Creating the V1 column...
    > max_delay=3 ms (data max=3 ms)
    > # Recurrent synapses: 2044519
    > # LGN input synapses 4700990
    > # BKG input synapses 40000
Model built in 3.87 s

Learning-rate schedule: none (constant lr=0.005)
No checkpoint found in /tmp/reset_gamma1_100_nodetach_3002 or . Starting from scratch...

Model variables stored in dictionary

All neurons are in the core region. Core mask is set to None.
Using custom neuropixels data file for FR loss: Neuropixels_data/OSI_DSI_neuropixels_v4.csv
Using custom neuropixels data file for FR loss: Neuropixels_data/OSI_DSI_neuropixels_v4.csv
Using custom neuropixels data file for OSI/DSI loss: Neuropixels_data/OSI_DSI_neuropixels_v4.csv
Gradient checkpointing: segmented exact BPTT (4 chunks, chunk_size=25).
Loaded cached spontaneous LGN firing rates.
Loaded cached OSI/DSI LGN firing rates dataset.
---------- Training started at  31-08-2026 19:53  ----------

Benchmark mode: 1 warm-up + 99 measured updates.
BENCHMARK_RESULT={"last_loss": 7.748973846435547, "loss_history": [7.753554344177246, 7.728958606719971, 7.740958213806152, 7.749519348144531, 7.761968612670898, 7.7660136222839355, 7.739814758300781, 7.762996196746826, 7.753331184387207, 7.755603313446045, 7.74694299697876, 7.7463555335998535, 7.777863025665283, 7.793591499328613, 7.7921223640441895, 7.807084083557129, 7.80779504776001, 7.802511215209961, 7.796553134918213, 7.808757305145264, 7.804605007171631, 7.796671390533447, 7.794820308685303, 7.789135932922363, 7.796064376831055, 7.794128894805908, 7.792972087860107, 7.79610013961792, 7.796264171600342, 7.806128978729248, 7.797826290130615, 7.796540260314941, 7.799530982971191, 7.809449195861816, 7.81122350692749, 7.8176589012146, 7.8136725425720215, 7.810035705566406, 7.808485984802246, 7.809717655181885, 7.8046722412109375, 7.805029392242432, 7.810708999633789, 7.810074329376221, 7.811071872711182, 7.8174309730529785, 7.814866542816162, 7.815944671630859, 7.812962532043457, 7.821085453033447, 7.8155012130737305, 7.814305305480957, 7.813092231750488, 7.818109512329102, 7.815130710601807, 7.812959671020508, 7.8142194747924805, 7.813680171966553, 7.814608097076416, 7.816627025604248, 7.814682960510254, 7.811710357666016, 7.810225486755371, 7.809743881225586, 7.807731628417969, 7.813668727874756, 7.821805953979492, 7.820260524749756, 7.818800449371338, 7.82935094833374, 7.828522682189941, 7.825675010681152, 7.822659969329834, 7.816888809204102, 7.815121173858643, 7.811457633972168, 7.806289196014404, 7.803191184997559, 7.802125453948975, 7.80329704284668, 7.798792362213135, 7.797825813293457, 7.7947516441345215, 7.79622745513916, 7.792607307434082, 7.795689582824707, 7.791738986968994, 7.78409481048584, 7.782052993774414, 7.7733283042907715, 7.7719950675964355, 7.769381046295166, 7.764587879180908, 7.75966739654541, 7.754093647003174, 7.758130073547363, 7.760563850402832, 7.755290508270264, 7.748973846435547], "mean_step_seconds": 0.29496282519716205, "measured_steps": 99, "median_step_seconds": 0.2950108051300049, "nvidia_smi_memory_mib": 1002.0, "online_voltage_loss": true, "tf_current_memory_mib": 317.64306640625, "tf_peak_memory_mib": 397.90673828125, "updates_per_second": 3.390257736145461, "warmup_steps": 1}

